// Jest Snapshot v1, https://goo.gl/fbAQLP

exports[`UsersList renders snapshot 1`] = `
<ol>
  <li>
    Max
  </li>
  <li>
    Moritz
  </li>
</ol>
`;
